Archive member included to satisfy reference by file (symbol)

C:/ST/STM32CubeIDE_1.16.0/STM32CubeIDE/plugins/com.st.stm32cube.ide.mcu.externaltools.gnu-tools-for-stm32.12.3.rel1.win32_1.0.200.202406191623/tools/bin/../lib/gcc/arm-none-eabi/12.3.1/../../../../arm-none-eabi/lib/thumb/v7e-m+dp/hard\libc_nano.a(libc_a-exit.o)
                              C:/ST/STM32CubeIDE_1.16.0/STM32CubeIDE/plugins/com.st.stm32cube.ide.mcu.externaltools.gnu-tools-for-stm32.12.3.rel1.win32_1.0.200.202406191623/tools/bin/../lib/gcc/arm-none-eabi/12.3.1/../../../../arm-none-eabi/lib/thumb/v7e-m+dp/hard/crt0.o (exit)
C:/ST/STM32CubeIDE_1.16.0/STM32CubeIDE/plugins/com.st.stm32cube.ide.mcu.externaltools.gnu-tools-for-stm32.12.3.rel1.win32_1.0.200.202406191623/tools/bin/../lib/gcc/arm-none-eabi/12.3.1/../../../../arm-none-eabi/lib/thumb/v7e-m+dp/hard\libc_nano.a(libc_a-findfp.o)
                              C:/ST/STM32CubeIDE_1.16.0/STM32CubeIDE/plugins/com.st.stm32cube.ide.mcu.externaltools.gnu-tools-for-stm32.12.3.rel1.win32_1.0.200.202406191623/tools/bin/../lib/gcc/arm-none-eabi/12.3.1/../../../../arm-none-eabi/lib/thumb/v7e-m+dp/hard\libc_nano.a(libc_a-exit.o) (__stdio_exit_handler)
C:/ST/STM32CubeIDE_1.16.0/STM32CubeIDE/plugins/com.st.stm32cube.ide.mcu.externaltools.gnu-tools-for-stm32.12.3.rel1.win32_1.0.200.202406191623/tools/bin/../lib/gcc/arm-none-eabi/12.3.1/../../../../arm-none-eabi/lib/thumb/v7e-m+dp/hard\libc_nano.a(libc_a-fwalk.o)
                              C:/ST/STM32CubeIDE_1.16.0/STM32CubeIDE/plugins/com.st.stm32cube.ide.mcu.externaltools.gnu-tools-for-stm32.12.3.rel1.win32_1.0.200.202406191623/tools/bin/../lib/gcc/arm-none-eabi/12.3.1/../../../../arm-none-eabi/lib/thumb/v7e-m+dp/hard\libc_nano.a(libc_a-findfp.o) (_fwalk_sglue)
C:/ST/STM32CubeIDE_1.16.0/STM32CubeIDE/plugins/com.st.stm32cube.ide.mcu.externaltools.gnu-tools-for-stm32.12.3.rel1.win32_1.0.200.202406191623/tools/bin/../lib/gcc/arm-none-eabi/12.3.1/../../../../arm-none-eabi/lib/thumb/v7e-m+dp/hard\libc_nano.a(libc_a-stdio.o)
                              C:/ST/STM32CubeIDE_1.16.0/STM32CubeIDE/plugins/com.st.stm32cube.ide.mcu.externaltools.gnu-tools-for-stm32.12.3.rel1.win32_1.0.200.202406191623/tools/bin/../lib/gcc/arm-none-eabi/12.3.1/../../../../arm-none-eabi/lib/thumb/v7e-m+dp/hard\libc_nano.a(libc_a-findfp.o) (__sread)
C:/ST/STM32CubeIDE_1.16.0/STM32CubeIDE/plugins/com.st.stm32cube.ide.mcu.externaltools.gnu-tools-for-stm32.12.3.rel1.win32_1.0.200.202406191623/tools/bin/../lib/gcc/arm-none-eabi/12.3.1/../../../../arm-none-eabi/lib/thumb/v7e-m+dp/hard\libc_nano.a(libc_a-memset.o)
                              C:/ST/STM32CubeIDE_1.16.0/STM32CubeIDE/plugins/com.st.stm32cube.ide.mcu.externaltools.gnu-tools-for-stm32.12.3.rel1.win32_1.0.200.202406191623/tools/bin/../lib/gcc/arm-none-eabi/12.3.1/../../../../arm-none-eabi/lib/thumb/v7e-m+dp/hard/crt0.o (memset)
C:/ST/STM32CubeIDE_1.16.0/STM32CubeIDE/plugins/com.st.stm32cube.ide.mcu.externaltools.gnu-tools-for-stm32.12.3.rel1.win32_1.0.200.202406191623/tools/bin/../lib/gcc/arm-none-eabi/12.3.1/../../../../arm-none-eabi/lib/thumb/v7e-m+dp/hard\libc_nano.a(libc_a-closer.o)
                              C:/ST/STM32CubeIDE_1.16.0/STM32CubeIDE/plugins/com.st.stm32cube.ide.mcu.externaltools.gnu-tools-for-stm32.12.3.rel1.win32_1.0.200.202406191623/tools/bin/../lib/gcc/arm-none-eabi/12.3.1/../../../../arm-none-eabi/lib/thumb/v7e-m+dp/hard\libc_nano.a(libc_a-stdio.o) (_close_r)
C:/ST/STM32CubeIDE_1.16.0/STM32CubeIDE/plugins/com.st.stm32cube.ide.mcu.externaltools.gnu-tools-for-stm32.12.3.rel1.win32_1.0.200.202406191623/tools/bin/../lib/gcc/arm-none-eabi/12.3.1/../../../../arm-none-eabi/lib/thumb/v7e-m+dp/hard\libc_nano.a(libc_a-reent.o)
                              C:/ST/STM32CubeIDE_1.16.0/STM32CubeIDE/plugins/com.st.stm32cube.ide.mcu.externaltools.gnu-tools-for-stm32.12.3.rel1.win32_1.0.200.202406191623/tools/bin/../lib/gcc/arm-none-eabi/12.3.1/../../../../arm-none-eabi/lib/thumb/v7e-m+dp/hard\libc_nano.a(libc_a-closer.o) (errno)
C:/ST/STM32CubeIDE_1.16.0/STM32CubeIDE/plugins/com.st.stm32cube.ide.mcu.externaltools.gnu-tools-for-stm32.12.3.rel1.win32_1.0.200.202406191623/tools/bin/../lib/gcc/arm-none-eabi/12.3.1/../../../../arm-none-eabi/lib/thumb/v7e-m+dp/hard\libc_nano.a(libc_a-impure.o)
                              C:/ST/STM32CubeIDE_1.16.0/STM32CubeIDE/plugins/com.st.stm32cube.ide.mcu.externaltools.gnu-tools-for-stm32.12.3.rel1.win32_1.0.200.202406191623/tools/bin/../lib/gcc/arm-none-eabi/12.3.1/../../../../arm-none-eabi/lib/thumb/v7e-m+dp/hard\libc_nano.a(libc_a-reent.o) (_impure_ptr)
C:/ST/STM32CubeIDE_1.16.0/STM32CubeIDE/plugins/com.st.stm32cube.ide.mcu.externaltools.gnu-tools-for-stm32.12.3.rel1.win32_1.0.200.202406191623/tools/bin/../lib/gcc/arm-none-eabi/12.3.1/../../../../arm-none-eabi/lib/thumb/v7e-m+dp/hard\libc_nano.a(libc_a-lseekr.o)
[...]
Memory Configuration

Name             Origin             Length             Attributes
RAM              0x20000000         0x00080000         xrw
FLASH            0x08000000         0x00200000         xr
*default*        0x00000000         0xffffffff

Linker script and memory map

LOAD C:/ST/STM32CubeIDE_1.16.0/STM32CubeIDE/plugins/com.st.stm32cube.ide.mcu.externaltools.gnu-tools-for-stm32.12.3.rel1.win32_1.0.200.202406191623/tools/bin/../lib/gcc/arm-none-eabi/12.3.1/thumb/v7e-m+dp/hard/crti.o
LOAD C:/ST/STM32CubeIDE_1.16.0/STM32CubeIDE/plugins/com.st.stm32cube.ide.mcu.externaltools.gnu-tools-for-stm32.12.3.rel1.win32_1.0.200.202406191623/tools/bin/../lib/gcc/arm-none-eabi/12.3.1/thumb/v7e-m+dp/hard/crtbegin.o
LOAD C:/ST/STM32CubeIDE_1.16.0/STM32CubeIDE/plugins/com.st.stm32cube.ide.mcu.externaltools.gnu-tools-for-stm32.12.3.rel1.win32_1.0.200.202406191623/tools/bin/../lib/gcc/arm-none-eabi/12.3.1/../../../../arm-none-eabi/lib/thumb/v7e-m+dp/hard/crt0.o
LOAD ./Core/Src/dwhal_dma.o
LOAD ./Core/Src/main.o
LOAD ./Core/Src/stm32f7xx_hal_msp.o
LOAD ./Core/Src/stm32f7xx_it.o
LOAD ./Core/Src/syscalls.o
LOAD ./Core/Src/sysmem.o
LOAD ./Core/Src/system_stm32f7xx.o
LOAD ./Core/Startup/startup_stm32f767zitx.o
LOAD ./Drivers/STM32F7xx_HAL_Driver/Src/stm32f7xx_hal.o
LOAD ./Drivers/STM32F7xx_HAL_Driver/Src/stm32f7xx_hal_cortex.o
LOAD ./Drivers/STM32F7xx_HAL_Driver/Src/stm32f7xx_hal_dma.o
LOAD ./Drivers/STM32F7xx_HAL_Driver/Src/stm32f7xx_hal_dma_ex.o
LOAD ./Drivers/STM32F7xx_HAL_Driver/Src/stm32f7xx_hal_eth.o
LOAD ./Drivers/STM32F7xx_HAL_Driver/Src/stm32f7xx_hal_exti.o
LOAD ./Drivers/STM32F7xx_HAL_Driver/Src/stm32f7xx_hal_flash.o
LOAD ./Drivers/STM32F7xx_HAL_Driver/Src/stm32f7xx_hal_flash_ex.o
LOAD ./Drivers/STM32F7xx_HAL_Driver/Src/stm32f7xx_hal_gpio.o
LOAD ./Drivers/STM32F7xx_HAL_Driver/Src/stm32f7xx_hal_i2c.o
LOAD ./Drivers/STM32F7xx_HAL_Driver/Src/stm32f7xx_hal_i2c_ex.o
LOAD ./Drivers/STM32F7xx_HAL_Driver/Src/stm32f7xx_hal_pcd.o
LOAD ./Drivers/STM32F7xx_HAL_Driver/Src/stm32f7xx_hal_pcd_ex.o
LOAD ./Drivers/STM32F7xx_HAL_Driver/Src/stm32f7xx_hal_pwr.o
LOAD ./Drivers/STM32F7xx_HAL_Driver/Src/stm32f7xx_hal_pwr_ex.o
LOAD ./Drivers/STM32F7xx_HAL_Driver/Src/stm32f7xx_hal_rcc.o
LOAD ./Drivers/STM32F7xx_HAL_Driver/Src/stm32f7xx_hal_rcc_ex.o
LOAD ./Drivers/STM32F7xx_HAL_Driver/Src/stm32f7xx_hal_tim.o
LOAD ./Drivers/STM32F7xx_HAL_Driver/Src/stm32f7xx_hal_tim_ex.o
LOAD ./Drivers/STM32F7xx_HAL_Driver/Src/stm32f7xx_hal_uart.o
LOAD ./Drivers/STM32F7xx_HAL_Driver/Src/stm32f7xx_hal_uart_ex.o
LOAD ./Drivers/STM32F7xx_HAL_Driver/Src/stm32f7xx_ll_usb.o
START GROUP
LOAD C:/ST/STM32CubeIDE_1.16.0/STM32CubeIDE/plugins/com.st.stm32cube.ide.mcu.externaltools.gnu-tools-for-stm32.12.3.rel1.win32_1.0.200.202406191623/tools/bin/../lib/gcc/arm-none-eabi/12.3.1/../../../../arm-none-eabi/lib/thumb/v7e-m+dp/hard\libc_nano.a
LOAD C:/ST/STM32CubeIDE_1.16.0/STM32CubeIDE/plugins/com.st.stm32cube.ide.mcu.externaltools.gnu-tools-for-stm32.12.3.rel1.win32_1.0.200.202406191623/tools/bin/../lib/gcc/arm-none-eabi/12.3.1/../../../../arm-none-eabi/lib/thumb/v7e-m+dp/hard\libm.a
END GROUP
START GROUP
LOAD C:/ST/STM32CubeIDE_1.16.0/STM32CubeIDE/plugins/com.st.stm32cube.ide.mcu.externaltools.gnu-tools-for-stm32.12.3.rel1.win32_1.0.200.202406191623/tools/bin/../lib/gcc/arm-none-eabi/12.3.1/thumb/v7e-m+dp/hard\libgcc.a
LOAD C:/ST/STM32CubeIDE_1.16.0/STM32CubeIDE/plugins/com.st.stm32cube.ide.mcu.externaltools.gnu-tools-for-stm32.12.3.rel1.win32_1.0.200.202406191623/tools/bin/../lib/gcc/arm-none-eabi/12.3.1/../../../../arm-none-eabi/lib/thumb/v7e-m+dp/hard\libc_nano.a
END GROUP
START GROUP
LOAD C:/ST/STM32CubeIDE_1.16.0/STM32CubeIDE/plugins/com.st.stm32cube.ide.mcu.externaltools.gnu-tools-for-stm32.12.3.rel1.win32_1.0.200.202406191623/tools/bin/../lib/gcc/arm-none-eabi/12.3.1/thumb/v7e-m+dp/hard\libgcc.a
LOAD C:/ST/STM32CubeIDE_1.16.0/STM32CubeIDE/plugins/com.st.stm32cube.ide.mcu.externaltools.gnu-tools-for-stm32.12.3.rel1.win32_1.0.200.202406191623/tools/bin/../lib/gcc/arm-none-eabi/12.3.1/../../../../arm-none-eabi/lib/thumb/v7e-m+dp/hard\libc_nano.a
LOAD C:/ST/STM32CubeIDE_1.16.0/STM32CubeIDE/plugins/com.st.stm32cube.ide.mcu.externaltools.gnu-tools-for-stm32.12.3.rel1.win32_1.0.200.202406191623/tools/bin/../lib/gcc/arm-none-eabi/12.3.1/../../../../arm-none-eabi/lib/thumb/v7e-m+dp/hard\libnosys.a
END GROUP
START GROUP
LOAD C:/ST/STM32CubeIDE_1.16.0/STM32CubeIDE/plugins/com.st.stm32cube.ide.mcu.externaltools.gnu-tools-for-stm32.12.3.rel1.win32_1.0.200.202406191623/tools/bin/../lib/gcc/arm-none-eabi/12.3.1/thumb/v7e-m+dp/hard\libgcc.a
LOAD C:/ST/STM32CubeIDE_1.16.0/STM32CubeIDE/plugins/com.st.stm32cube.ide.mcu.externaltools.gnu-tools-for-stm32.12.3.rel1.win32_1.0.200.202406191623/tools/bin/../lib/gcc/arm-none-eabi/12.3.1/../../../../arm-none-eabi/lib/thumb/v7e-m+dp/hard\libc_nano.a
LOAD C:/ST/STM32CubeIDE_1.16.0/STM32CubeIDE/plugins/com.st.stm32cube.ide.mcu.externaltools.gnu-tools-for-stm32.12.3.rel1.win32_1.0.200.202406191623/tools/bin/../lib/gcc/arm-none-eabi/12.3.1/../../../../arm-none-eabi/lib/thumb/v7e-m+dp/hard\libnosys.a
END GROUP
LOAD C:/ST/STM32CubeIDE_1.16.0/STM32CubeIDE/plugins/com.st.stm32cube.ide.mcu.externaltools.gnu-tools-for-stm32.12.3.rel1.win32_1.0.200.202406191623/tools/bin/../lib/gcc/arm-none-eabi/12.3.1/thumb/v7e-m+dp/hard/crtend.o
LOAD C:/ST/STM32CubeIDE_1.16.0/STM32CubeIDE/plugins/com.st.stm32cube.ide.mcu.externaltools.gnu-tools-for-stm32.12.3.rel1.win32_1.0.200.202406191623/tools/bin/../lib/gcc/arm-none-eabi/12.3.1/thumb/v7e-m+dp/hard/crtn.o
                0x20080000                        _estack = (ORIGIN (RAM) + LENGTH (RAM))
                0x00000200                        _Min_Heap_Size = 0x200
                0x00000400                        _Min_Stack_Size = 0x400

.isr_vector     0x08000000      0x1f8
                0x08000000                        . = ALIGN (0x4)
 *(.isr_vector)
 .isr_vector    0x08000000      0x1f8 ./Core/Startup/startup_stm32f767zitx.o
                0x08000000                g_pfnVectors
                0x080001f8                        . = ALIGN (0x4)

.text           0x080001f8     0x40f0
                0x080001f8                        . = ALIGN (0x4)
 *(.text)
 .text          0x080001f8       0x40 C:/ST/STM32CubeIDE_1.16.0/STM32CubeIDE/plugins/com.st.stm32cube.ide.mcu.externaltools.gnu-tools-for-stm32.12.3.rel1.win32_1.0.200.202406191623/tools/bin/../lib/gcc/arm-none-eabi/12.3.1/thumb/v7e-m+dp/hard/crtbegin.o
 .text          0x08000238       0x30 C:/ST/STM32CubeIDE_1.16.0/STM32CubeIDE/plugins/com.st.stm32cube.ide.mcu.externaltools.gnu-tools-for-stm32.12.3.rel1.win32_1.0.200.202406191623/tools/bin/../lib/gcc/arm-none-eabi/12.3.1/thumb/v7e-m+dp/hard\libgcc.a(_aeabi_uldivmod.o)
                0x08000238                __aeabi_uldivmod
 .text          0x08000268      0x2bc C:/ST/STM32CubeIDE_1.16.0/STM32CubeIDE/plugins/com.st.stm32cube.ide.mcu.externaltools.gnu-tools-for-stm32.12.3.rel1.win32_1.0.200.202406191623/tools/bin/../lib/gcc/arm-none-eabi/12.3.1/thumb/v7e-m+dp/hard\libgcc.a(_udivmoddi4.o)
                0x08000268                __udivmoddi4
 .text          0x08000524        0x4 C:/ST/STM32CubeIDE_1.16.0/STM32CubeIDE/plugins/com.st.stm32cube.ide.mcu.externaltools.gnu-tools-for-stm32.12.3.rel1.win32_1.0.200.202406191623/tools/bin/../lib/gcc/arm-none-eabi/12.3.1/thumb/v7e-m+dp/hard\libgcc.a(_dvmd_tls.o)
                0x08000524                __aeabi_idiv0
                0x08000524                __aeabi_ldiv0
 *(.text*)
 .text.__NVIC_EnableIRQ
                0x08000528       0x3c ./Core/Src/main.o
 .text.__NVIC_ClearPendingIRQ
                0x08000564       0x3c ./Core/Src/main.o
 .text.__NVIC_SetPriority
                0x080005a0       0x54 ./Core/Src/main.o
 .text.main     0x080005f4       0x54 ./Core/Src/main.o
                0x080005f4                main
 .text.SystemClock_Config
                0x08000648       0xe4 ./Core/Src/main.o
                0x08000648                SystemClock_Config
 .text.MX_ETH_Init
                0x0800072c       0x9c ./Core/Src/main.o
 .text.MX_USART3_UART_Init
                0x080007c8       0x60 ./Core/Src/main.o
 .text.MX_USB_OTG_FS_PCD_Init
                0x08000828       0x5c ./Core/Src/main.o
 .text.MX_GPIO_Init
                0x08000884      0x144 ./Core/Src/main.o
 .text.GPIO_Init
                0x080009c8       0x58 ./Core/Src/main.o
                0x080009c8                GPIO_Init
 .text.EXTI_Init
                0x08000a20       0x58 ./Core/Src/main.o
                0x08000a20                EXTI_Init
 .text.TIM_Init
                0x08000a78       0x80 ./Core/Src/main.o
                0x08000a78                TIM_Init
 .text.DMA_Init
                0x08000af8      0x114 ./Core/Src/main.o
                0x08000af8                DMA_Init
 .text.Error_Handler
                0x08000c0c        0xc ./Core/Src/main.o
                0x08000c0c                Error_Handler
 .text.HAL_MspInit
                0x08000c18       0x48 ./Core/Src/stm32f7xx_hal_msp.o
                0x08000c18                HAL_MspInit
 .text.HAL_ETH_MspInit
                0x08000c60      0x170 ./Core/Src/stm32f7xx_hal_msp.o
                0x08000c60                HAL_ETH_MspInit
 .text.HAL_UART_MspInit
                0x08000dd0       0xc0 ./Core/Src/stm32f7xx_hal_msp.o
                0x08000dd0                HAL_UART_MspInit
 .text.HAL_PCD_MspInit
                0x08000e90       0xf4 ./Core/Src/stm32f7xx_hal_msp.o
                0x08000e90                HAL_PCD_MspInit
 .text.NMI_Handler
                0x08000f84        0x8 ./Core/Src/stm32f7xx_it.o
                0x08000f84                NMI_Handler
 .text.HardFault_Handler
                0x08000f8c        0x8 ./Core/Src/stm32f7xx_it.o
                0x08000f8c                HardFault_Handler
 .text.MemManage_Handler
                0x08000f94        0x8 ./Core/Src/stm32f7xx_it.o
                0x08000f94                MemManage_Handler
 .text.BusFault_Handler
                0x08000f9c        0x8 ./Core/Src/stm32f7xx_it.o
                0x08000f9c                BusFault_Handler
 .text.UsageFault_Handler
                0x08000fa4        0x8 ./Core/Src/stm32f7xx_it.o
                0x08000fa4                UsageFault_Handler
 .text.SVC_Handler
                0x08000fac        0xe ./Core/Src/stm32f7xx_it.o
                0x08000fac                SVC_Handler
 .text.DebugMon_Handler
                0x08000fba        0xe ./Core/Src/stm32f7xx_it.o
                0x08000fba                DebugMon_Handler
 .text.PendSV_Handler
                0x08000fc8        0xe ./Core/Src/stm32f7xx_it.o
                0x08000fc8                PendSV_Handler
 .text.SysTick_Handler
                0x08000fd6        0xc ./Core/Src/stm32f7xx_it.o
                0x08000fd6                SysTick_Handler
 *fill*         0x08000fe2        0x2 
 .text.TIM3_IRQHandler
                0x08000fe4       0x50 ./Core/Src/stm32f7xx_it.o
                0x08000fe4                TIM3_IRQHandler
 .text.EXTI15_10_IRQHandler
                0x08001034       0x30 ./Core/Src/stm32f7xx_it.o
                0x08001034                EXTI15_10_IRQHandler
 .text.SystemInit
                0x08001064       0x24 ./Core/Src/system_stm32f7xx.o
                0x08001064                SystemInit
 .text.Reset_Handler
                0x08001088       0x50 ./Core/Startup/startup_stm32f767zitx.o
                0x08001088                Reset_Handler
 .text.Default_Handler
                0x080010d8        0x2 ./Core/Startup/startup_stm32f767zitx.o
                0x080010d8                RTC_Alarm_IRQHandler
                0x080010d8                EXTI2_IRQHandler
                0x080010d8                TIM8_CC_IRQHandler
                0x080010d8                UART8_IRQHandler
                0x080010d8                SPI4_IRQHandler
                0x080010d8                TIM1_CC_IRQHandler
                0x080010d8                DMA2_Stream5_IRQHandler
                0x080010d8                JPEG_IRQHandler
                0x080010d8                DMA1_Stream5_IRQHandler
                0x080010d8                CAN3_RX1_IRQHandler
                0x080010d8                PVD_IRQHandler
                0x080010d8                TAMP_STAMP_IRQHandler
                0x080010d8                CAN2_RX1_IRQHandler
                0x080010d8                EXTI3_IRQHandler
                0x080010d8                TIM8_TRG_COM_TIM14_IRQHandler
                0x080010d8                DFSDM1_FLT1_IRQHandler
                0x080010d8                TIM1_UP_TIM10_IRQHandler
                0x080010d8                TIM8_UP_TIM13_IRQHandler
                0x080010d8                I2C3_ER_IRQHandler
                0x080010d8                DFSDM1_FLT2_IRQHandler
                0x080010d8                EXTI0_IRQHandler
                0x080010d8                I2C2_EV_IRQHandler
                0x080010d8                DMA1_Stream2_IRQHandler
                0x080010d8                CAN1_RX0_IRQHandler
                0x080010d8                FPU_IRQHandler
                0x080010d8                OTG_HS_WKUP_IRQHandler
                0x080010d8                CAN3_SCE_IRQHandler
                0x080010d8                LTDC_ER_IRQHandler
                0x080010d8                CAN2_SCE_IRQHandler
                0x080010d8                DMA2_Stream2_IRQHandler
                0x080010d8                SPI1_IRQHandler
                0x080010d8                TIM6_DAC_IRQHandler
                0x080010d8                TIM1_BRK_TIM9_IRQHandler
                0x080010d8                DCMI_IRQHandler
                0x080010d8                CAN2_RX0_IRQHandler
                0x080010d8                DMA2_Stream3_IRQHandler
                0x080010d8                SAI2_IRQHandler
                0x080010d8                DFSDM1_FLT3_IRQHandler
                0x080010d8                USART6_IRQHandler
                0x080010d8                CAN3_RX0_IRQHandler
                0x080010d8                USART3_IRQHandler
                0x080010d8                CAN1_RX1_IRQHandler
                0x080010d8                UART5_IRQHandler
                0x080010d8                DMA2_Stream0_IRQHandler
                0x080010d8                TIM4_IRQHandler
                0x080010d8                QUADSPI_IRQHandler
                0x080010d8                I2C1_EV_IRQHandler
                0x080010d8                DMA1_Stream6_IRQHandler
                0x080010d8                DMA1_Stream1_IRQHandler
                0x080010d8                UART4_IRQHandler
                0x080010d8                RCC_IRQHandler
                0x080010d8                TIM8_BRK_TIM12_IRQHandler
                0x080010d8                Default_Handler
                0x080010d8                CEC_IRQHandler
                0x080010d8                ADC_IRQHandler
                0x080010d8                DMA1_Stream7_IRQHandler
                0x080010d8                SPI5_IRQHandler
                0x080010d8                TIM7_IRQHandler
                0x080010d8                SDMMC1_IRQHandler
                0x080010d8                CAN2_TX_IRQHandler
                0x080010d8                TIM5_IRQHandler
                0x080010d8                DMA2_Stream7_IRQHandler
                0x080010d8                I2C3_EV_IRQHandler
                0x080010d8                EXTI9_5_IRQHandler
                0x080010d8                RTC_WKUP_IRQHandler
                0x080010d8                LTDC_IRQHandler
                0x080010d8                ETH_WKUP_IRQHandler
                0x080010d8                SPDIF_RX_IRQHandler
                0x080010d8                SPI2_IRQHandler
                0x080010d8                OTG_HS_EP1_IN_IRQHandler
                0x080010d8                DMA1_Stream0_IRQHandler
                0x080010d8                CAN1_TX_IRQHandler
                0x080010d8                EXTI4_IRQHandler
                0x080010d8                RNG_IRQHandler
                0x080010d8                ETH_IRQHandler
                0x080010d8                OTG_HS_EP1_OUT_IRQHandler
                0x080010d8                WWDG_IRQHandler
                0x080010d8                SPI6_IRQHandler
                0x080010d8                MDIOS_IRQHandler
                0x080010d8                I2C4_EV_IRQHandler
                0x080010d8                CAN3_TX_IRQHandler
                0x080010d8                TIM2_IRQHandler
                0x080010d8                OTG_FS_WKUP_IRQHandler
                0x080010d8                TIM1_TRG_COM_TIM11_IRQHandler
                0x080010d8                OTG_HS_IRQHandler
                0x080010d8                DMA2D_IRQHandler
                0x080010d8                EXTI1_IRQHandler
                0x080010d8                SDMMC2_IRQHandler
                0x080010d8                UART7_IRQHandler
                0x080010d8                USART2_IRQHandler
                0x080010d8                DFSDM1_FLT0_IRQHandler
                0x080010d8                I2C2_ER_IRQHandler
                0x080010d8                DMA2_Stream1_IRQHandler
                0x080010d8                CAN1_SCE_IRQHandler
                0x080010d8                FLASH_IRQHandler
                0x080010d8                DMA2_Stream4_IRQHandler
                0x080010d8                USART1_IRQHandler
                0x080010d8                OTG_FS_IRQHandler
                0x080010d8                SPI3_IRQHandler
                0x080010d8                DMA1_Stream4_IRQHandler
                0x080010d8                I2C1_ER_IRQHandler
                0x080010d8                FMC_IRQHandler
                0x080010d8                LPTIM1_IRQHandler
                0x080010d8                I2C4_ER_IRQHandler
                0x080010d8                DMA2_Stream6_IRQHandler
                0x080010d8                SAI1_IRQHandler
                0x080010d8                DMA1_Stream3_IRQHandler
 .text.HAL_Init
                0x080010da       0x1a ./Drivers/STM32F7xx_HAL_Driver/Src/stm32f7xx_hal.o
                0x080010da                HAL_Init
 .text.HAL_InitTick
                0x080010f4       0x60 ./Drivers/STM32F7xx_HAL_Driver/Src/stm32f7xx_hal.o
                0x080010f4                HAL_InitTick
 .text.HAL_IncTick
                0x08001154       0x28 ./Drivers/STM32F7xx_HAL_Driver/Src/stm32f7xx_hal.o
                0x08001154                HAL_IncTick
 .text.HAL_GetTick
                0x0800117c       0x18 ./Drivers/STM32F7xx_HAL_Driver/Src/stm32f7xx_hal.o
                0x0800117c                HAL_GetTick
 .text.HAL_Delay
                0x08001194       0x48 ./Drivers/STM32F7xx_HAL_Driver/Src/stm32f7xx_hal.o
                0x08001194                HAL_Delay
 .text.__NVIC_SetPriorityGrouping
                0x080011dc       0x48 ./Drivers/STM32F7xx_HAL_Driver/Src/stm32f7xx_hal_cortex.o
 .text.__NVIC_GetPriorityGrouping
                0x08001224       0x1c ./Drivers/STM32F7xx_HAL_Driver/Src/stm32f7xx_hal_cortex.o
 .text.__NVIC_SetPriority
                0x08001240       0x54 ./Drivers/STM32F7xx_HAL_Driver/Src/stm32f7xx_hal_cortex.o
 .text.NVIC_EncodePriority
                0x08001294       0x66 ./Drivers/STM32F7xx_HAL_Driver/Src/stm32f7xx_hal_cortex.o
 *fill*         0x080012fa        0x2 
 .text.SysTick_Config
                0x080012fc       0x44 ./Drivers/STM32F7xx_HAL_Driver/Src/stm32f7xx_hal_cortex.o
 .text.HAL_NVIC_SetPriorityGrouping
                0x08001340       0x16 ./Drivers/STM32F7xx_HAL_Driver/Src/stm32f7xx_hal_cortex.o
                0x08001340                HAL_NVIC_SetPriorityGrouping
 .text.HAL_NVIC_SetPriority
                0x08001356       0x38 ./Drivers/STM32F7xx_HAL_Driver/Src/stm32f7xx_hal_cortex.o
                0x08001356                HAL_NVIC_SetPriority
 .text.HAL_SYSTICK_Config
                0x0800138e       0x18 ./Drivers/STM32F7xx_HAL_Driver/Src/stm32f7xx_hal_cortex.o
                0x0800138e                HAL_SYSTICK_Config
 *fill*         0x080013a6        0x2 
 .text.HAL_ETH_Init
                0x080013a8      0x134 ./Drivers/STM32F7xx_HAL_Driver/Src/stm32f7xx_hal_eth.o
                0x080013a8                HAL_ETH_Init
 .text.ETH_SetMACConfig
                0x080014dc      0x168 ./Drivers/STM32F7xx_HAL_Driver/Src/stm32f7xx_hal_eth.o
 .text.ETH_SetDMAConfig
                0x08001644      0x114 ./Drivers/STM32F7xx_HAL_Driver/Src/stm32f7xx_hal_eth.o
 .text.ETH_MACDMAConfig
                0x08001758       0xea ./Drivers/STM32F7xx_HAL_Driver/Src/stm32f7xx_hal_eth.o
 *fill*         0x08001842        0x2 
 .text.ETH_MACAddressConfig
                0x08001844       0x70 ./Drivers/STM32F7xx_HAL_Driver/Src/stm32f7xx_hal_eth.o
 .text.ETH_DMATxDescListInit
                0x080018b4       0xb2 ./Drivers/STM32F7xx_HAL_Driver/Src/stm32f7xx_hal_eth.o
 .text.ETH_DMARxDescListInit
                0x08001966       0xde ./Drivers/STM32F7xx_HAL_Driver/Src/stm32f7xx_hal_eth.o
 .text.HAL_GPIO_Init
                0x08001a44      0x358 ./Drivers/STM32F7xx_HAL_Driver/Src/stm32f7xx_hal_gpio.o
                0x08001a44                HAL_GPIO_Init
 .text.HAL_GPIO_WritePin
                0x08001d9c       0x32 ./Drivers/STM32F7xx_HAL_Driver/Src/stm32f7xx_hal_gpio.o
                0x08001d9c                HAL_GPIO_WritePin
 .text.HAL_PCD_Init
                0x08001dce      0x22c ./Drivers/STM32F7xx_HAL_Driver/Src/stm32f7xx_hal_pcd.o
                0x08001dce                HAL_PCD_Init
 *fill*         0x08001ffa        0x2 
 .text.HAL_PCDEx_ActivateLPM
                0x08001ffc       0x48 ./Drivers/STM32F7xx_HAL_Driver/Src/stm32f7xx_hal_pcd_ex.o
                0x08001ffc                HAL_PCDEx_ActivateLPM
 .text.HAL_PWR_EnableBkUpAccess
                0x08002044       0x20 ./Drivers/STM32F7xx_HAL_Driver/Src/stm32f7xx_hal_pwr.o
                0x08002044                HAL_PWR_EnableBkUpAccess
 .text.HAL_PWREx_EnableOverDrive
                0x08002064       0xa0 ./Drivers/STM32F7xx_HAL_Driver/Src/stm32f7xx_hal_pwr_ex.o
                0x08002064                HAL_PWREx_EnableOverDrive
 .text.HAL_RCC_OscConfig
                0x08002104      0x55c ./Drivers/STM32F7xx_HAL_Driver/Src/stm32f7xx_hal_rcc.o
                0x08002104                HAL_RCC_OscConfig
 .text.HAL_RCC_ClockConfig
                0x08002660      0x1d8 ./Drivers/STM32F7xx_HAL_Driver/Src/stm32f7xx_hal_rcc.o
                0x08002660                HAL_RCC_ClockConfig
 .text.HAL_RCC_GetSysClockFreq
                0x08002838      0x20c ./Drivers/STM32F7xx_HAL_Driver/Src/stm32f7xx_hal_rcc.o
                0x08002838                HAL_RCC_GetSysClockFreq
 .text.HAL_RCC_GetHCLKFreq
                0x08002a44       0x18 ./Drivers/STM32F7xx_HAL_Driver/Src/stm32f7xx_hal_rcc.o
                0x08002a44                HAL_RCC_GetHCLKFreq
 .text.HAL_RCC_GetPCLK1Freq
                0x08002a5c       0x28 ./Drivers/STM32F7xx_HAL_Driver/Src/stm32f7xx_hal_rcc.o
                0x08002a5c                HAL_RCC_GetPCLK1Freq
 .text.HAL_RCC_GetPCLK2Freq
                0x08002a84       0x28 ./Drivers/STM32F7xx_HAL_Driver/Src/stm32f7xx_hal_rcc.o
                0x08002a84                HAL_RCC_GetPCLK2Freq
 .text.HAL_RCCEx_PeriphCLKConfig
                0x08002aac      0x850 ./Drivers/STM32F7xx_HAL_Driver/Src/stm32f7xx_hal_rcc_ex.o
                0x08002aac                HAL_RCCEx_PeriphCLKConfig
 .text.HAL_UART_Init
                0x080032fc       0x9c ./Drivers/STM32F7xx_HAL_Driver/Src/stm32f7xx_hal_uart.o
                0x080032fc                HAL_UART_Init
 .text.UART_SetConfig
                0x08003398      0x4c8 ./Drivers/STM32F7xx_HAL_Driver/Src/stm32f7xx_hal_uart.o
                0x08003398                UART_SetConfig
 .text.UART_AdvFeatureConfig
                0x08003860      0x144 ./Drivers/STM32F7xx_HAL_Driver/Src/stm32f7xx_hal_uart.o
                0x08003860                UART_AdvFeatureConfig
 .text.UART_CheckIdleState
                0x080039a4      0x150 ./Drivers/STM32F7xx_HAL_Driver/Src/stm32f7xx_hal_uart.o
                0x080039a4                UART_CheckIdleState
 .text.UART_WaitOnFlagUntilTimeout
                0x08003af4       0xda ./Drivers/STM32F7xx_HAL_Driver/Src/stm32f7xx_hal_uart.o
                0x08003af4                UART_WaitOnFlagUntilTimeout
 .text.UART_EndRxTransfer
                0x08003bce       0xc8 ./Drivers/STM32F7xx_HAL_Driver/Src/stm32f7xx_hal_uart.o
 *fill*         0x08003c96        0x2 
 .text.USB_CoreInit
                0x08003c98       0xb4 ./Drivers/STM32F7xx_HAL_Driver/Src/stm32f7xx_ll_usb.o
                0x08003c98                USB_CoreInit
 .text.USB_DisableGlobalInt
                0x08003d4c       0x22 ./Drivers/STM32F7xx_HAL_Driver/Src/stm32f7xx_ll_usb.o
                0x08003d4c                USB_DisableGlobalInt
 .text.USB_SetCurrentMode
                0x08003d6e       0x98 ./Drivers/STM32F7xx_HAL_Driver/Src/stm32f7xx_ll_usb.o
                0x08003d6e                USB_SetCurrentMode
 *fill*         0x08003e06        0x2 
 .text.USB_DevInit
                0x08003e08      0x2bc ./Drivers/STM32F7xx_HAL_Driver/Src/stm32f7xx_ll_usb.o
                0x08003e08                USB_DevInit
 .text.USB_FlushTxFifo
                0x080040c4       0x64 ./Drivers/STM32F7xx_HAL_Driver/Src/stm32f7xx_ll_usb.o
                0x080040c4                USB_FlushTxFifo
 .text.USB_FlushRxFifo
                0x08004128       0x5c ./Drivers/STM32F7xx_HAL_Driver/Src/stm32f7xx_ll_usb.o
                0x08004128                USB_FlushRxFifo
 .text.USB_SetDevSpeed
                0x08004184       0x32 ./Drivers/STM32F7xx_HAL_Driver/Src/stm32f7xx_ll_usb.o
                0x08004184                USB_SetDevSpeed
 .text.USB_DevDisconnect
                0x080041b6       0x42 ./Drivers/STM32F7xx_HAL_Driver/Src/stm32f7xx_ll_usb.o
                0x080041b6                USB_DevDisconnect
 .text.USB_GetMode
                0x080041f8       0x1c ./Drivers/STM32F7xx_HAL_Driver/Src/stm32f7xx_ll_usb.o
                0x080041f8                USB_GetMode
 .text.USB_CoreReset
                0x08004214       0x62 ./Drivers/STM32F7xx_HAL_Driver/Src/stm32f7xx_ll_usb.o
 .text.memset   0x08004276       0x10 C:/ST/STM32CubeIDE_1.16.0/STM32CubeIDE/plugins/com.st.stm32cube.ide.mcu.externaltools.gnu-tools-for-stm32.12.3.rel1.win32_1.0.200.202406191623/tools/bin/../lib/gcc/arm-none-eabi/12.3.1/../../../../arm-none-eabi/lib/thumb/v7e-m+dp/hard\libc_nano.a(libc_a-memset.o)
                0x08004276                memset
 *fill*         0x08004286        0x2 
 .text.__libc_init_array
                0x08004288       0x48 C:/ST/STM32CubeIDE_1.16.0/STM32CubeIDE/plugins/com.st.stm32cube.ide.mcu.externaltools.gnu-tools-for-stm32.12.3.rel1.win32_1.0.200.202406191623/tools/bin/../lib/gcc/arm-none-eabi/12.3.1/../../../../arm-none-eabi/lib/thumb/v7e-m+dp/hard\libc_nano.a(libc_a-init.o)
                0x08004288                __libc_init_array
 *(.glue_7)
 .glue_7        0x080042d0        0x0 linker stubs
 *(.glue_7t)
 .glue_7t       0x080042d0        0x0 linker stubs
 *(.eh_frame)
 .eh_frame      0x080042d0        0x0 C:/ST/STM32CubeIDE_1.16.0/STM32CubeIDE/plugins/com.st.stm32cube.ide.mcu.externaltools.gnu-tools-for-stm32.12.3.rel1.win32_1.0.200.202406191623/tools/bin/../lib/gcc/arm-none-eabi/12.3.1/thumb/v7e-m+dp/hard/crtbegin.o
 *(.init)
 .init          0x080042d0        0x4 C:/ST/STM32CubeIDE_1.16.0/STM32CubeIDE/plugins/com.st.stm32cube.ide.mcu.externaltools.gnu-tools-for-stm32.12.3.rel1.win32_1.0.200.202406191623/tools/bin/../lib/gcc/arm-none-eabi/12.3.1/thumb/v7e-m+dp/hard/crti.o
                0x080042d0                _init
 .init          0x080042d4        0x8 C:/ST/STM32CubeIDE_1.16.0/STM32CubeIDE/plugins/com.st.stm32cube.ide.mcu.externaltools.gnu-tools-for-stm32.12.3.rel1.win32_1.0.200.202406191623/tools/bin/../lib/gcc/arm-none-eabi/12.3.1/thumb/v7e-m+dp/hard/crtn.o
 *(.fini)
 .fini          0x080042dc        0x4 C:/ST/STM32CubeIDE_1.16.0/STM32CubeIDE/plugins/com.st.stm32cube.ide.mcu.externaltools.gnu-tools-for-stm32.12.3.rel1.win32_1.0.200.202406191623/tools/bin/../lib/gcc/arm-none-eabi/12.3.1/thumb/v7e-m+dp/hard/crti.o
                0x080042dc                _fini
 .fini          0x080042e0        0x8 C:/ST/STM32CubeIDE_1.16.0/STM32CubeIDE/plugins/com.st.stm32cube.ide.mcu.externaltools.gnu-tools-for-stm32.12.3.rel1.win32_1.0.200.202406191623/tools/bin/../lib/gcc/arm-none-eabi/12.3.1/thumb/v7e-m+dp/hard/crtn.o
                0x080042e8                        . = ALIGN (0x4)
                0x080042e8                        _etext = .

.vfp11_veneer   0x080042e8        0x0
 .vfp11_veneer  0x080042e8        0x0 linker stubs

.v4_bx          0x080042e8        0x0
 .v4_bx         0x080042e8        0x0 linker stubs

.iplt           0x080042e8        0x0
 .iplt          0x080042e8        0x0 C:/ST/STM32CubeIDE_1.16.0/STM32CubeIDE/plugins/com.st.stm32cube.ide.mcu.externaltools.gnu-tools-for-stm32.12.3.rel1.win32_1.0.200.202406191623/tools/bin/../lib/gcc/arm-none-eabi/12.3.1/thumb/v7e-m+dp/hard/crtbegin.o

.rodata         0x080042e8       0x18
                0x080042e8                        . = ALIGN (0x4)
 *(.rodata)
 *(.rodata*)
 .rodata.AHBPrescTable
                0x080042e8       0x10 ./Core/Src/system_stm32f7xx.o
                0x080042e8                AHBPrescTable
 .rodata.APBPrescTable
                0x080042f8        0x8 ./Core/Src/system_stm32f7xx.o
                0x080042f8                APBPrescTable
                0x08004300                        . = ALIGN (0x4)

.ARM.extab      0x08004300        0x0
                0x08004300                        . = ALIGN (0x4)
 *(.ARM.extab* .gnu.linkonce.armextab.*)
                0x08004300                        . = ALIGN (0x4)

.ARM            0x08004300        0x8
                0x08004300                        . = ALIGN (0x4)
                0x08004300                        __exidx_start = .
 *(.ARM.exidx*)
 .ARM.exidx     0x08004300        0x8 C:/ST/STM32CubeIDE_1.16.0/STM32CubeIDE/plugins/com.st.stm32cube.ide.mcu.externaltools.gnu-tools-for-stm32.12.3.rel1.win32_1.0.200.202406191623/tools/bin/../lib/gcc/arm-none-eabi/12.3.1/thumb/v7e-m+dp/hard\libgcc.a(_udivmoddi4.o)
                0x08004308                        __exidx_end = .
                0x08004308                        . = ALIGN (0x4)

.preinit_array  0x08004308        0x0
                0x08004308                        . = ALIGN (0x4)
                0x08004308                        PROVIDE (__preinit_array_start = .)
 *(.preinit_array*)
                0x08004308                        PROVIDE (__preinit_array_end = .)
                0x08004308                        . = ALIGN (0x4)

.init_array     0x08004308        0x4
                0x08004308                        . = ALIGN (0x4)
                0x08004308                        PROVIDE (__init_array_start = .)
 *(SORT_BY_NAME(.init_array.*))
 *(.init_array*)
 .init_array    0x08004308        0x4 C:/ST/STM32CubeIDE_1.16.0/STM32CubeIDE/plugins/com.st.stm32cube.ide.mcu.externaltools.gnu-tools-for-stm32.12.3.rel1.win32_1.0.200.202406191623/tools/bin/../lib/gcc/arm-none-eabi/12.3.1/thumb/v7e-m+dp/hard/crtbegin.o
                0x0800430c                        PROVIDE (__init_array_end = .)
                0x0800430c                        . = ALIGN (0x4)

.fini_array     0x0800430c        0x4
                0x0800430c                        . = ALIGN (0x4)
                [!provide]                        PROVIDE (__fini_array_start = .)
 *(SORT_BY_NAME(.fini_array.*))
 *(.fini_array*)
 .fini_array    0x0800430c        0x4 C:/ST/STM32CubeIDE_1.16.0/STM32CubeIDE/plugins/com.st.stm32cube.ide.mcu.externaltools.gnu-tools-for-stm32.12.3.rel1.win32_1.0.200.202406191623/tools/bin/../lib/gcc/arm-none-eabi/12.3.1/thumb/v7e-m+dp/hard/crtbegin.o
                [!provide]                        PROVIDE (__fini_array_end = .)
                0x08004310                        . = ALIGN (0x4)
                0x08004310                        _sidata = LOADADDR (.data)

.rel.dyn        0x08004310        0x0
 .rel.iplt      0x08004310        0x0 C:/ST/STM32CubeIDE_1.16.0/STM32CubeIDE/plugins/com.st.stm32cube.ide.mcu.externaltools.gnu-tools-for-stm32.12.3.rel1.win32_1.0.200.202406191623/tools/bin/../lib/gcc/arm-none-eabi/12.3.1/thumb/v7e-m+dp/hard/crtbegin.o

.data           0x20000000       0x18 load address 0x08004310
                0x20000000                        . = ALIGN (0x4)
                0x20000000                        _sdata = .
 *(.data)
 *(.data*)
 .data.sourceArray
                0x20000000        0xa ./Core/Src/main.o
 *fill*         0x2000000a        0x2 
 .data.SystemCoreClock
                0x2000000c        0x4 ./Core/Src/system_stm32f7xx.o
                0x2000000c                SystemCoreClock
 .data.uwTickPrio
                0x20000010        0x4 ./Drivers/STM32F7xx_HAL_Driver/Src/stm32f7xx_hal.o
                0x20000010                uwTickPrio
 .data.uwTickFreq
                0x20000014        0x1 ./Drivers/STM32F7xx_HAL_Driver/Src/stm32f7xx_hal.o
                0x20000014                uwTickFreq
 *(.RamFunc)
 *(.RamFunc*)
                0x20000018                        . = ALIGN (0x4)
 *fill*         0x20000015        0x3 
                0x20000018                        _edata = .

.igot.plt       0x20000018        0x0 load address 0x08004328
 .igot.plt      0x20000018        0x0 C:/ST/STM32CubeIDE_1.16.0/STM32CubeIDE/plugins/com.st.stm32cube.ide.mcu.externaltools.gnu-tools-for-stm32.12.3.rel1.win32_1.0.200.202406191623/tools/bin/../lib/gcc/arm-none-eabi/12.3.1/thumb/v7e-m+dp/hard/crtbegin.o

.RxDecripSection
                0x20000018       0xa0 load address 0x08004328
 .RxDecripSection
                0x20000018       0xa0 ./Core/Src/main.o
                0x20000018                DMARxDscrTab

.TxDecripSection
                0x200000b8       0xa0 load address 0x080043c8
 .TxDecripSection
                0x200000b8       0xa0 ./Core/Src/main.o
                0x200000b8                DMATxDscrTab
                0x20000158                        . = ALIGN (0x4)

.bss            0x20000158      0x684 load address 0x08004468
                0x20000158                        _sbss = .
                0x20000158                        __bss_start__ = _sbss
 *(.bss)
 .bss           0x20000158       0x1c C:/ST/STM32CubeIDE_1.16.0/STM32CubeIDE/plugins/com.st.stm32cube.ide.mcu.externaltools.gnu-tools-for-stm32.12.3.rel1.win32_1.0.200.202406191623/tools/bin/../lib/gcc/arm-none-eabi/12.3.1/thumb/v7e-m+dp/hard/crtbegin.o
 *(.bss*)
 .bss.TxConfig  0x20000174       0x38 ./Core/Src/main.o
                0x20000174                TxConfig
 .bss.heth      0x200001ac       0xb0 ./Core/Src/main.o
                0x200001ac                heth
 .bss.huart3    0x2000025c       0x88 ./Core/Src/main.o
                0x2000025c                huart3
 .bss.hpcd_USB_OTG_FS
                0x200002e4      0x4e0 ./Core/Src/main.o
                0x200002e4                hpcd_USB_OTG_FS
 .bss.destArray
                0x200007c4        0xa ./Core/Src/main.o
 *fill*         0x200007ce        0x2 
 .bss.MACAddr.0
                0x200007d0        0x6 ./Core/Src/main.o
 *fill*         0x200007d6        0x2 
 .bss.uwTick    0x200007d8        0x4 ./Drivers/STM32F7xx_HAL_Driver/Src/stm32f7xx_hal.o
                0x200007d8                uwTick
 *(COMMON)
                0x200007dc                        . = ALIGN (0x4)
                0x200007dc                        _ebss = .
                0x200007dc                        __bss_end__ = _ebss

._user_heap_stack
                0x200007dc      0x604 load address 0x08004468
                0x200007e0                        . = ALIGN (0x8)
 *fill*         0x200007dc        0x4 
                [!provide]                        PROVIDE (end = .)
                0x200007e0                        PROVIDE (_end = .)
                0x200009e0                        . = (. + _Min_Heap_Size)
 *fill*         0x200007e0      0x200 
                0x20000de0                        . = (. + _Min_Stack_Size)
 *fill*         0x200009e0      0x400 
                0x20000de0                        . = ALIGN (0x8)

/DISCARD/
 libc.a(*)
 libm.a(*)
 libgcc.a(*)

.ARM.attributes
                0x00000000       0x2e
 *(.ARM.attributes)
 .ARM.attributes
                0x00000000       0x20 C:/ST/STM32CubeIDE_1.16.0/STM32CubeIDE/plugins/com.st.stm32cube.ide.mcu.externaltools.gnu-tools-for-stm32.12.3.rel1.win32_1.0.200.202406191623/tools/bin/../lib/gcc/arm-none-eabi/12.3.1/thumb/v7e-m+dp/hard/crti.o
 .ARM.attributes
                0x00000020       0x32 C:/ST/STM32CubeIDE_1.16.0/STM32CubeIDE/plugins/com.st.stm32cube.ide.mcu.externaltools.gnu-tools-for-stm32.12.3.rel1.win32_1.0.200.202406191623/tools/bin/../lib/gcc/arm-none-eabi/12.3.1/thumb/v7e-m+dp/hard/crtbegin.o
 .ARM.attributes
                0x00000052       0x32 ./Core/Src/main.o
 .ARM.attributes
                0x00000084       0x32 ./Core/Src/stm32f7xx_hal_msp.o
 .ARM.attributes
                0x000000b6       0x32 ./Core/Src/stm32f7xx_it.o
 .ARM.attributes
                0x000000e8       0x32 ./Core/Src/system_stm32f7xx.o
 .ARM.attributes
                0x0000011a       0x21 ./Core/Startup/startup_stm32f767zitx.o
 .ARM.attributes
                0x0000013b       0x32 ./Drivers/STM32F7xx_HAL_Driver/Src/stm32f7xx_hal.o
 .ARM.attributes
                0x0000016d       0x32 ./Drivers/STM32F7xx_HAL_Driver/Src/stm32f7xx_hal_cortex.o
 .ARM.attributes
                0x0000019f       0x32 ./Drivers/STM32F7xx_HAL_Driver/Src/stm32f7xx_hal_eth.o
 .ARM.attributes
                0x000001d1       0x32 ./Drivers/STM32F7xx_HAL_Driver/Src/stm32f7xx_hal_gpio.o
 .ARM.attributes
                0x00000203       0x32 ./Drivers/STM32F7xx_HAL_Driver/Src/stm32f7xx_hal_pcd.o
 .ARM.attributes
                0x00000235       0x32 ./Drivers/STM32F7xx_HAL_Driver/Src/stm32f7xx_hal_pcd_ex.o
 .ARM.attributes
                0x00000267       0x32 ./Drivers/STM32F7xx_HAL_Driver/Src/stm32f7xx_hal_pwr.o
 .ARM.attributes
                0x00000299       0x32 ./Drivers/STM32F7xx_HAL_Driver/Src/stm32f7xx_hal_pwr_ex.o
 .ARM.attributes
                0x000002cb       0x32 ./Drivers/STM32F7xx_HAL_Driver/Src/stm32f7xx_hal_rcc.o
 .ARM.attributes
                0x000002fd       0x32 ./Drivers/STM32F7xx_HAL_Driver/Src/stm32f7xx_hal_rcc_ex.o
 .ARM.attributes
                0x0000032f       0x32 ./Drivers/STM32F7xx_HAL_Driver/Src/stm32f7xx_hal_uart.o
 .ARM.attributes
                0x00000361       0x32 ./Drivers/STM32F7xx_HAL_Driver/Src/stm32f7xx_ll_usb.o
 .ARM.attributes
                0x00000393       0x32 C:/ST/STM32CubeIDE_1.16.0/STM32CubeIDE/plugins/com.st.stm32cube.ide.mcu.externaltools.gnu-tools-for-stm32.12.3.rel1.win32_1.0.200.202406191623/tools/bin/../lib/gcc/arm-none-eabi/12.3.1/../../../../arm-none-eabi/lib/thumb/v7e-m+dp/hard\libc_nano.a(libc_a-memset.o)
 .ARM.attributes
                0x000003c5       0x32 C:/ST/STM32CubeIDE_1.16.0/STM32CubeIDE/plugins/com.st.stm32cube.ide.mcu.externaltools.gnu-tools-for-stm32.12.3.rel1.win32_1.0.200.202406191623/tools/bin/../lib/gcc/arm-none-eabi/12.3.1/../../../../arm-none-eabi/lib/thumb/v7e-m+dp/hard\libc_nano.a(libc_a-init.o)
 .ARM.attributes
                0x000003f7       0x20 C:/ST/STM32CubeIDE_1.16.0/STM32CubeIDE/plugins/com.st.stm32cube.ide.mcu.externaltools.gnu-tools-for-stm32.12.3.rel1.win32_1.0.200.202406191623/tools/bin/../lib/gcc/arm-none-eabi/12.3.1/thumb/v7e-m+dp/hard\libgcc.a(_aeabi_uldivmod.o)
 .ARM.attributes
                0x00000417       0x32 C:/ST/STM32CubeIDE_1.16.0/STM32CubeIDE/plugins/com.st.stm32cube.ide.mcu.externaltools.gnu-tools-for-stm32.12.3.rel1.win32_1.0.200.202406191623/tools/bin/../lib/gcc/arm-none-eabi/12.3.1/thumb/v7e-m+dp/hard\libgcc.a(_udivmoddi4.o)
 .ARM.attributes
                0x00000449       0x20 C:/ST/STM32CubeIDE_1.16.0/STM32CubeIDE/plugins/com.st.stm32cube.ide.mcu.externaltools.gnu-tools-for-stm32.12.3.rel1.win32_1.0.200.202406191623/tools/bin/../lib/gcc/arm-none-eabi/12.3.1/thumb/v7e-m+dp/hard\libgcc.a(_dvmd_tls.o)
 .ARM.attributes
                0x00000469       0x20 C:/ST/STM32CubeIDE_1.16.0/STM32CubeIDE/plugins/com.st.stm32cube.ide.mcu.externaltools.gnu-tools-for-stm32.12.3.rel1.win32_1.0.200.202406191623/tools/bin/../lib/gcc/arm-none-eabi/12.3.1/thumb/v7e-m+dp/hard/crtn.o
OUTPUT(DMA_mem_to_mem.elf elf32-littlearm)
LOAD linker stubs
LOAD C:/ST/STM32CubeIDE_1.16.0/STM32CubeIDE/plugins/com.st.stm32cube.ide.mcu.externaltools.gnu-tools-for-stm32.12.3.rel1.win32_1.0.200.202406191623/tools/bin/../lib/gcc/arm-none-eabi/12.3.1/../../../../arm-none-eabi/lib/thumb/v7e-m+dp/hard\libc.a
LOAD C:/ST/STM32CubeIDE_1.16.0/STM32CubeIDE/plugins/com.st.stm32cube.ide.mcu.externaltools.gnu-tools-for-stm32.12.3.rel1.win32_1.0.200.202406191623/tools/bin/../lib/gcc/arm-none-eabi/12.3.1/../../../../arm-none-eabi/lib/thumb/v7e-m+dp/hard\libm.a
LOAD C:/ST/STM32CubeIDE_1.16.0/STM32CubeIDE/plugins/com.st.stm32cube.ide.mcu.externaltools.gnu-tools-for-stm32.12.3.rel1.win32_1.0.200.202406191623/tools/bin/../lib/gcc/arm-none-eabi/12.3.1/thumb/v7e-m+dp/hard\libgcc.a

.debug_info     0x00000000    0x12607
 .debug_info    0x00000000     0x28c5 ./Core/Src/main.o
 .debug_info    0x000028c5     0x1b97 ./Core/Src/stm32f7xx_hal_msp.o
 .debug_info    0x0000445c      0x3fc ./Core/Src/stm32f7xx_it.o
 .debug_info    0x00004858      0x6ed ./Core/Src/system_stm32f7xx.o
 .debug_info    0x00004f45       0x30 ./Core/Startup/startup_stm32f767zitx.o
 .debug_info    0x00004f75      0xa4c ./Drivers/STM32F7xx_HAL_Driver/Src/stm32f7xx_hal.o
 .debug_info    0x000059c1      0xfc0 ./Drivers/STM32F7xx_HAL_Driver/Src/stm32f7xx_hal_cortex.o
 .debug_info    0x00006981     0x218c ./Drivers/STM32F7xx_HAL_Driver/Src/stm32f7xx_hal_eth.o
 .debug_info    0x00008b0d      0x6f3 ./Drivers/STM32F7xx_HAL_Driver/Src/stm32f7xx_hal_gpio.o
 .debug_info    0x00009200     0x1599 ./Drivers/STM32F7xx_HAL_Driver/Src/stm32f7xx_hal_pcd.o
 .debug_info    0x0000a799      0x7a3 ./Drivers/STM32F7xx_HAL_Driver/Src/stm32f7xx_hal_pcd_ex.o
 .debug_info    0x0000af3c      0x90e ./Drivers/STM32F7xx_HAL_Driver/Src/stm32f7xx_hal_pwr.o
 .debug_info    0x0000b84a      0x8cd ./Drivers/STM32F7xx_HAL_Driver/Src/stm32f7xx_hal_pwr_ex.o
 .debug_info    0x0000c117      0x937 ./Drivers/STM32F7xx_HAL_Driver/Src/stm32f7xx_hal_rcc.o
 .debug_info    0x0000ca4e      0x6e1 ./Drivers/STM32F7xx_HAL_Driver/Src/stm32f7xx_hal_rcc_ex.o
 .debug_info    0x0000d12f     0x3adc ./Drivers/STM32F7xx_HAL_Driver/Src/stm32f7xx_hal_uart.o
 .debug_info    0x00010c0b     0x19fc ./Drivers/STM32F7xx_HAL_Driver/Src/stm32f7xx_ll_usb.o

.debug_abbrev   0x00000000     0x254a
 .debug_abbrev  0x00000000      0x3a1 ./Core/Src/main.o
 .debug_abbrev  0x000003a1      0x27d ./Core/Src/stm32f7xx_hal_msp.o
 .debug_abbrev  0x0000061e       0xfc ./Core/Src/stm32f7xx_it.o
 .debug_abbrev  0x0000071a      0x13b ./Core/Src/system_stm32f7xx.o
 .debug_abbrev  0x00000855       0x24 ./Core/Startup/startup_stm32f767zitx.o
 .debug_abbrev  0x00000879      0x213 ./Drivers/STM32F7xx_HAL_Driver/Src/stm32f7xx_hal.o
 .debug_abbrev  0x00000a8c      0x31e ./Drivers/STM32F7xx_HAL_Driver/Src/stm32f7xx_hal_cortex.o
 .debug_abbrev  0x00000daa      0x35a ./Drivers/STM32F7xx_HAL_Driver/Src/stm32f7xx_hal_eth.o
 .debug_abbrev  0x00001104      0x1d4 ./Drivers/STM32F7xx_HAL_Driver/Src/stm32f7xx_hal_gpio.o
 .debug_abbrev  0x000012d8      0x2ee ./Drivers/STM32F7xx_HAL_Driver/Src/stm32f7xx_hal_pcd.o
 .debug_abbrev  0x000015c6      0x1ca ./Drivers/STM32F7xx_HAL_Driver/Src/stm32f7xx_hal_pcd_ex.o
 .debug_abbrev  0x00001790      0x1c5 ./Drivers/STM32F7xx_HAL_Driver/Src/stm32f7xx_hal_pwr.o
 .debug_abbrev  0x00001955      0x1d5 ./Drivers/STM32F7xx_HAL_Driver/Src/stm32f7xx_hal_pwr_ex.o
 .debug_abbrev  0x00001b2a      0x2de ./Drivers/STM32F7xx_HAL_Driver/Src/stm32f7xx_hal_rcc.o
 .debug_abbrev  0x00001e08      0x1c9 ./Drivers/STM32F7xx_HAL_Driver/Src/stm32f7xx_hal_rcc_ex.o
 .debug_abbrev  0x00001fd1      0x2e6 ./Drivers/STM32F7xx_HAL_Driver/Src/stm32f7xx_hal_uart.o
 .debug_abbrev  0x000022b7      0x293 ./Drivers/STM32F7xx_HAL_Driver/Src/stm32f7xx_ll_usb.o

.debug_aranges  0x00000000      0xd60
 .debug_aranges
                0x00000000       0x88 ./Core/Src/main.o
 .debug_aranges
                0x00000088       0x50 ./Core/Src/stm32f7xx_hal_msp.o
 .debug_aranges
                0x000000d8       0x70 ./Core/Src/stm32f7xx_it.o
 .debug_aranges
                0x00000148       0x28 ./Core/Src/system_stm32f7xx.o
 .debug_aranges
                0x00000170       0x28 ./Core/Startup/startup_stm32f767zitx.o
 .debug_aranges
                0x00000198      0x110 ./Drivers/STM32F7xx_HAL_Driver/Src/stm32f7xx_hal.o
 .debug_aranges
                0x000002a8      0x128 ./Drivers/STM32F7xx_HAL_Driver/Src/stm32f7xx_hal_cortex.o
 .debug_aranges
                0x000003d0      0x1e0 ./Drivers/STM32F7xx_HAL_Driver/Src/stm32f7xx_hal_eth.o
 .debug_aranges
                0x000005b0       0x58 ./Drivers/STM32F7xx_HAL_Driver/Src/stm32f7xx_hal_gpio.o
 .debug_aranges
                0x00000608      0x148 ./Drivers/STM32F7xx_HAL_Driver/Src/stm32f7xx_hal_pcd.o
 .debug_aranges
                0x00000750       0x48 ./Drivers/STM32F7xx_HAL_Driver/Src/stm32f7xx_hal_pcd_ex.o
 .debug_aranges
                0x00000798       0xa0 ./Drivers/STM32F7xx_HAL_Driver/Src/stm32f7xx_hal_pwr.o
 .debug_aranges
                0x00000838       0x80 ./Drivers/STM32F7xx_HAL_Driver/Src/stm32f7xx_hal_pwr_ex.o
 .debug_aranges
                0x000008b8       0x88 ./Drivers/STM32F7xx_HAL_Driver/Src/stm32f7xx_hal_rcc.o
 .debug_aranges
                0x00000940       0x50 ./Drivers/STM32F7xx_HAL_Driver/Src/stm32f7xx_hal_rcc_ex.o
 .debug_aranges
                0x00000990      0x230 ./Drivers/STM32F7xx_HAL_Driver/Src/stm32f7xx_hal_uart.o
 .debug_aranges
                0x00000bc0      0x1a0 ./Drivers/STM32F7xx_HAL_Driver/Src/stm32f7xx_ll_usb.o

.debug_rnglists
                0x00000000      0xa48
 .debug_rnglists
                0x00000000       0x66 ./Core/Src/main.o
 .debug_rnglists
                0x00000066       0x3a ./Core/Src/stm32f7xx_hal_msp.o
 .debug_rnglists
                0x000000a0       0x4f ./Core/Src/stm32f7xx_it.o
 .debug_rnglists
                0x000000ef       0x1a ./Core/Src/system_stm32f7xx.o
 .debug_rnglists
                0x00000109       0x19 ./Core/Startup/startup_stm32f767zitx.o
 .debug_rnglists
                0x00000122       0xc7 ./Drivers/STM32F7xx_HAL_Driver/Src/stm32f7xx_hal.o
 .debug_rnglists
                0x000001e9       0xda ./Drivers/STM32F7xx_HAL_Driver/Src/stm32f7xx_hal_cortex.o
 .debug_rnglists
                0x000002c3      0x17d ./Drivers/STM32F7xx_HAL_Driver/Src/stm32f7xx_hal_eth.o
 .debug_rnglists
                0x00000440       0x3f ./Drivers/STM32F7xx_HAL_Driver/Src/stm32f7xx_hal_gpio.o
 .debug_rnglists
                0x0000047f       0xfa ./Drivers/STM32F7xx_HAL_Driver/Src/stm32f7xx_hal_pcd.o
 .debug_rnglists
                0x00000579       0x32 ./Drivers/STM32F7xx_HAL_Driver/Src/stm32f7xx_hal_pcd_ex.o
 .debug_rnglists
                0x000005ab       0x74 ./Drivers/STM32F7xx_HAL_Driver/Src/stm32f7xx_hal_pwr.o
 .debug_rnglists
                0x0000061f       0x5f ./Drivers/STM32F7xx_HAL_Driver/Src/stm32f7xx_hal_pwr_ex.o
 .debug_rnglists
                0x0000067e       0x67 ./Drivers/STM32F7xx_HAL_Driver/Src/stm32f7xx_hal_rcc.o
 .debug_rnglists
                0x000006e5       0x3c ./Drivers/STM32F7xx_HAL_Driver/Src/stm32f7xx_hal_rcc_ex.o
 .debug_rnglists
                0x00000721      0x1e0 ./Drivers/STM32F7xx_HAL_Driver/Src/stm32f7xx_hal_uart.o
 .debug_rnglists
                0x00000901      0x147 ./Drivers/STM32F7xx_HAL_Driver/Src/stm32f7xx_ll_usb.o

.debug_macro    0x00000000    0x279ba
 .debug_macro   0x00000000      0x2da ./Core/Src/main.o
 .debug_macro   0x000002da      0x299 ./Core/Src/main.o
 .debug_macro   0x00000573       0x2e ./Core/Src/main.o
 .debug_macro   0x000005a1       0x3b ./Core/Src/main.o
 .debug_macro   0x000005dc       0x22 ./Core/Src/main.o
 .debug_macro   0x000005fe       0x8e ./Core/Src/main.o
 .debug_macro   0x0000068c       0x51 ./Core/Src/main.o
 .debug_macro   0x000006dd      0x103 ./Core/Src/main.o
 .debug_macro   0x000007e0       0x6a ./Core/Src/main.o
 .debug_macro   0x0000084a      0x1df ./Core/Src/main.o
 .debug_macro   0x00000a29       0x1c ./Core/Src/main.o
 .debug_macro   0x00000a45       0x22 ./Core/Src/main.o
 .debug_macro   0x00000a67       0xd9 ./Core/Src/main.o
 .debug_macro   0x00000b40     0x12cd ./Core/Src/main.o
 .debug_macro   0x00001e0d      0x11f ./Core/Src/main.o
 .debug_macro   0x00001f2c       0x19 ./Core/Src/main.o
 .debug_macro   0x00001f45    0x1aa23 ./Core/Src/main.o
 .debug_macro   0x0001c968       0x6d ./Core/Src/main.o
 .debug_macro   0x0001c9d5     0x3765 ./Core/Src/main.o
 .debug_macro   0x0002013a      0x189 ./Core/Src/main.o
 .debug_macro   0x000202c3       0x63 ./Core/Src/main.o
 .debug_macro   0x00020326     0x1add ./Core/Src/main.o
 .debug_macro   0x00021e03      0x6c4 ./Core/Src/main.o
 .debug_macro   0x000224c7      0x18b ./Core/Src/main.o
 .debug_macro   0x00022652      0x115 ./Core/Src/main.o
 .debug_macro   0x00022767      0x26e ./Core/Src/main.o
 .debug_macro   0x000229d5       0xa5 ./Core/Src/main.o
 .debug_macro   0x00022a7a      0x24f ./Core/Src/main.o
 .debug_macro   0x00022cc9       0x71 ./Core/Src/main.o
 .debug_macro   0x00022d3a       0x58 ./Core/Src/main.o
 .debug_macro   0x00022d92      0x236 ./Core/Src/main.o
 .debug_macro   0x00022fc8      0xb99 ./Core/Src/main.o
 .debug_macro   0x00023b61      0x14e ./Core/Src/main.o
 .debug_macro   0x00023caf      0x3db ./Core/Src/main.o
 .debug_macro   0x0002408a       0x12 ./Core/Src/main.o
 .debug_macro   0x0002409c      0x22c ./Core/Src/main.o
 .debug_macro   0x000242c8       0x61 ./Core/Src/main.o
 .debug_macro   0x00024329       0xa5 ./Core/Src/main.o
 .debug_macro   0x000243ce      0x12e ./Core/Src/main.o
 .debug_macro   0x000244fc      0x108 ./Core/Src/main.o
 .debug_macro   0x00024604       0x35 ./Core/Src/main.o
 .debug_macro   0x00024639      0x5ba ./Core/Src/main.o
 .debug_macro   0x00024bf3       0x44 ./Core/Src/main.o
 .debug_macro   0x00024c37      0x2cb ./Core/Src/main.o
 .debug_macro   0x00024f02       0xba ./Core/Src/main.o
 .debug_macro   0x00024fbc      0x15b ./Core/Src/main.o
 .debug_macro   0x00025117      0x13c ./Core/Src/main.o
 .debug_macro   0x00025253       0x61 ./Core/Src/main.o
 .debug_macro   0x000252b4       0x29 ./Core/Src/main.o
 .debug_macro   0x000252dd       0x43 ./Core/Src/main.o
 .debug_macro   0x00025320       0x34 ./Core/Src/main.o
 .debug_macro   0x00025354       0x16 ./Core/Src/main.o
 .debug_macro   0x0002536a       0x43 ./Core/Src/main.o
 .debug_macro   0x000253ad       0x34 ./Core/Src/main.o
 .debug_macro   0x000253e1       0x10 ./Core/Src/main.o
 .debug_macro   0x000253f1       0x58 ./Core/Src/main.o
 .debug_macro   0x00025449       0x8e ./Core/Src/main.o
 .debug_macro   0x000254d7       0x1c ./Core/Src/main.o
 .debug_macro   0x000254f3      0x177 ./Core/Src/main.o
 .debug_macro   0x0002566a      0x369 ./Core/Src/main.o
 .debug_macro   0x000259d3       0x10 ./Core/Src/main.o
 .debug_macro   0x000259e3       0x35 ./Core/Src/main.o
 .debug_macro   0x00025a18       0x20 ./Core/Src/main.o
 .debug_macro   0x00025a38      0x20c ./Core/Src/stm32f7xx_hal_msp.o
 .debug_macro   0x00025c44      0x216 ./Core/Src/stm32f7xx_it.o
 .debug_macro   0x00025e5a      0x1fd ./Core/Src/system_stm32f7xx.o
 .debug_macro   0x00026057      0x221 ./Drivers/STM32F7xx_HAL_Driver/Src/stm32f7xx_hal.o
 .debug_macro   0x00026278      0x1fd ./Drivers/STM32F7xx_HAL_Driver/Src/stm32f7xx_hal_cortex.o
 .debug_macro   0x00026475      0x2d7 ./Drivers/STM32F7xx_HAL_Driver/Src/stm32f7xx_hal_eth.o
 .debug_macro   0x0002674c      0x203 ./Drivers/STM32F7xx_HAL_Driver/Src/stm32f7xx_hal_gpio.o
 .debug_macro   0x0002694f      0x209 ./Drivers/STM32F7xx_HAL_Driver/Src/stm32f7xx_hal_pcd.o
 .debug_macro   0x00026b58      0x1fd ./Drivers/STM32F7xx_HAL_Driver/Src/stm32f7xx_hal_pcd_ex.o
 .debug_macro   0x00026d55      0x21b ./Drivers/STM32F7xx_HAL_Driver/Src/stm32f7xx_hal_pwr.o
 .debug_macro   0x00026f70      0x215 ./Drivers/STM32F7xx_HAL_Driver/Src/stm32f7xx_hal_pwr_ex.o
 .debug_macro   0x00027185      0x221 ./Drivers/STM32F7xx_HAL_Driver/Src/stm32f7xx_hal_rcc.o
 .debug_macro   0x000273a6      0x1fd ./Drivers/STM32F7xx_HAL_Driver/Src/stm32f7xx_hal_rcc_ex.o
 .debug_macro   0x000275a3      0x21a ./Drivers/STM32F7xx_HAL_Driver/Src/stm32f7xx_hal_uart.o
 .debug_macro   0x000277bd      0x1fd ./Drivers/STM32F7xx_HAL_Driver/Src/stm32f7xx_ll_usb.o

.debug_line     0x00000000    0x106f2
 .debug_line    0x00000000      0xcb1 ./Core/Src/main.o
 .debug_line    0x00000cb1      0x8fd ./Core/Src/stm32f7xx_hal_msp.o
 .debug_line    0x000015ae      0x8ba ./Core/Src/stm32f7xx_it.o
 .debug_line    0x00001e68      0x829 ./Core/Src/system_stm32f7xx.o
 .debug_line    0x00002691       0x7a ./Core/Startup/startup_stm32f767zitx.o
 .debug_line    0x0000270b      0xaf9 ./Drivers/STM32F7xx_HAL_Driver/Src/stm32f7xx_hal.o
 .debug_line    0x00003204      0xd6b ./Drivers/STM32F7xx_HAL_Driver/Src/stm32f7xx_hal_cortex.o
 .debug_line    0x00003f6f     0x1a89 ./Drivers/STM32F7xx_HAL_Driver/Src/stm32f7xx_hal_eth.o
 .debug_line    0x000059f8      0xc4f ./Drivers/STM32F7xx_HAL_Driver/Src/stm32f7xx_hal_gpio.o
 .debug_line    0x00006647     0x1521 ./Drivers/STM32F7xx_HAL_Driver/Src/stm32f7xx_hal_pcd.o
 .debug_line    0x00007b68      0x8c8 ./Drivers/STM32F7xx_HAL_Driver/Src/stm32f7xx_hal_pcd_ex.o
 .debug_line    0x00008430      0x9cd ./Drivers/STM32F7xx_HAL_Driver/Src/stm32f7xx_hal_pwr.o
 .debug_line    0x00008dfd      0xa4d ./Drivers/STM32F7xx_HAL_Driver/Src/stm32f7xx_hal_pwr_ex.o
 .debug_line    0x0000984a      0xf29 ./Drivers/STM32F7xx_HAL_Driver/Src/stm32f7xx_hal_rcc.o
 .debug_line    0x0000a773      0xf00 ./Drivers/STM32F7xx_HAL_Driver/Src/stm32f7xx_hal_rcc_ex.o
 .debug_line    0x0000b673     0x323a ./Drivers/STM32F7xx_HAL_Driver/Src/stm32f7xx_hal_uart.o
 .debug_line    0x0000e8ad     0x1e45 ./Drivers/STM32F7xx_HAL_Driver/Src/stm32f7xx_ll_usb.o

.debug_str      0x00000000    0xf8eb6
 .debug_str     0x00000000    0xf50d3 ./Core/Src/main.o
                              0xf597b (size before relaxing)
 .debug_str     0x000f50d3      0x33d ./Core/Src/stm32f7xx_hal_msp.o
                              0xf1f1b (size before relaxing)
 .debug_str     0x000f5410       0xee ./Core/Src/stm32f7xx_it.o
                              0xf0e20 (size before relaxing)
 .debug_str     0x000f54fe       0x87 ./Core/Src/system_stm32f7xx.o
                              0xf0a35 (size before relaxing)
 .debug_str     0x000f5585       0x44 ./Core/Startup/startup_stm32f767zitx.o
                                 0x7b (size before relaxing)
 .debug_str     0x000f55c9      0x443 ./Drivers/STM32F7xx_HAL_Driver/Src/stm32f7xx_hal.o
                              0xf1475 (size before relaxing)
 .debug_str     0x000f5a0c      0x331 ./Drivers/STM32F7xx_HAL_Driver/Src/stm32f7xx_hal_cortex.o
                              0xf1457 (size before relaxing)
 .debug_str     0x000f5d3d     0x1205 ./Drivers/STM32F7xx_HAL_Driver/Src/stm32f7xx_hal_eth.o
                              0xf2256 (size before relaxing)
 .debug_str     0x000f6f42       0xe8 ./Drivers/STM32F7xx_HAL_Driver/Src/stm32f7xx_hal_gpio.o
                              0xf0af3 (size before relaxing)
 .debug_str     0x000f702a      0x81d ./Drivers/STM32F7xx_HAL_Driver/Src/stm32f7xx_hal_pcd.o
                              0xf146e (size before relaxing)
 .debug_str     0x000f7847      0x12d ./Drivers/STM32F7xx_HAL_Driver/Src/stm32f7xx_hal_pcd_ex.o
                              0xf0d70 (size before relaxing)
 .debug_str     0x000f7974      0x2ac ./Drivers/STM32F7xx_HAL_Driver/Src/stm32f7xx_hal_pwr.o
                              0xf0cd6 (size before relaxing)
 .debug_str     0x000f7c20      0x1bd ./Drivers/STM32F7xx_HAL_Driver/Src/stm32f7xx_hal_pwr_ex.o
                              0xf0ca4 (size before relaxing)
 .debug_str     0x000f7ddd      0x245 ./Drivers/STM32F7xx_HAL_Driver/Src/stm32f7xx_hal_rcc.o
                              0xf0db0 (size before relaxing)
 .debug_str     0x000f8022      0x13f ./Drivers/STM32F7xx_HAL_Driver/Src/stm32f7xx_hal_rcc_ex.o
                              0xf0d13 (size before relaxing)
 .debug_str     0x000f8161      0x8aa ./Drivers/STM32F7xx_HAL_Driver/Src/stm32f7xx_hal_uart.o
                              0xf16fe (size before relaxing)
 .debug_str     0x000f8a0b      0x4ab ./Drivers/STM32F7xx_HAL_Driver/Src/stm32f7xx_ll_usb.o
                              0xf134b (size before relaxing)

.comment        0x00000000       0x43
 .comment       0x00000000       0x43 ./Core/Src/main.o
                                 0x44 (size before relaxing)
 .comment       0x00000043       0x44 ./Core/Src/stm32f7xx_hal_msp.o
 .comment       0x00000043       0x44 ./Core/Src/stm32f7xx_it.o
 .comment       0x00000043       0x44 ./Core/Src/system_stm32f7xx.o
 .comment       0x00000043       0x44 ./Drivers/STM32F7xx_HAL_Driver/Src/stm32f7xx_hal.o
 .comment       0x00000043       0x44 ./Drivers/STM32F7xx_HAL_Driver/Src/stm32f7xx_hal_cortex.o
 .comment       0x00000043       0x44 ./Drivers/STM32F7xx_HAL_Driver/Src/stm32f7xx_hal_eth.o
 .comment       0x00000043       0x44 ./Drivers/STM32F7xx_HAL_Driver/Src/stm32f7xx_hal_gpio.o
 .comment       0x00000043       0x44 ./Drivers/STM32F7xx_HAL_Driver/Src/stm32f7xx_hal_pcd.o
 .comment       0x00000043       0x44 ./Drivers/STM32F7xx_HAL_Driver/Src/stm32f7xx_hal_pcd_ex.o
 .comment       0x00000043       0x44 ./Drivers/STM32F7xx_HAL_Driver/Src/stm32f7xx_hal_pwr.o
 .comment       0x00000043       0x44 ./Drivers/STM32F7xx_HAL_Driver/Src/stm32f7xx_hal_pwr_ex.o
 .comment       0x00000043       0x44 ./Drivers/STM32F7xx_HAL_Driver/Src/stm32f7xx_hal_rcc.o
 .comment       0x00000043       0x44 ./Drivers/STM32F7xx_HAL_Driver/Src/stm32f7xx_hal_rcc_ex.o
 .comment       0x00000043       0x44 ./Drivers/STM32F7xx_HAL_Driver/Src/stm32f7xx_hal_uart.o
 .comment       0x00000043       0x44 ./Drivers/STM32F7xx_HAL_Driver/Src/stm32f7xx_ll_usb.o

.debug_frame    0x00000000     0x37b0
 .debug_frame   0x00000000      0x1dc ./Core/Src/main.o
 .debug_frame   0x000001dc      0x118 ./Core/Src/stm32f7xx_hal_msp.o
 .debug_frame   0x000002f4      0x144 ./Core/Src/stm32f7xx_it.o
 .debug_frame   0x00000438       0x58 ./Core/Src/system_stm32f7xx.o
 .debug_frame   0x00000490      0x3f4 ./Drivers/STM32F7xx_HAL_Driver/Src/stm32f7xx_hal.o
 .debug_frame   0x00000884      0x4e8 ./Drivers/STM32F7xx_HAL_Driver/Src/stm32f7xx_hal_cortex.o
 .debug_frame   0x00000d6c      0x898 ./Drivers/STM32F7xx_HAL_Driver/Src/stm32f7xx_hal_eth.o
 .debug_frame   0x00001604      0x14c ./Drivers/STM32F7xx_HAL_Driver/Src/stm32f7xx_hal_gpio.o
 .debug_frame   0x00001750      0x5b8 ./Drivers/STM32F7xx_HAL_Driver/Src/stm32f7xx_hal_pcd.o
 .debug_frame   0x00001d08      0x100 ./Drivers/STM32F7xx_HAL_Driver/Src/stm32f7xx_hal_pcd_ex.o
 .debug_frame   0x00001e08      0x254 ./Drivers/STM32F7xx_HAL_Driver/Src/stm32f7xx_hal_pwr.o
 .debug_frame   0x0000205c      0x1c8 ./Drivers/STM32F7xx_HAL_Driver/Src/stm32f7xx_hal_pwr_ex.o
 .debug_frame   0x00002224      0x1f8 ./Drivers/STM32F7xx_HAL_Driver/Src/stm32f7xx_hal_rcc.o
 .debug_frame   0x0000241c      0x118 ./Drivers/STM32F7xx_HAL_Driver/Src/stm32f7xx_hal_rcc_ex.o
 .debug_frame   0x00002534      0xa10 ./Drivers/STM32F7xx_HAL_Driver/Src/stm32f7xx_hal_uart.o
 .debug_frame   0x00002f44      0x7c0 ./Drivers/STM32F7xx_HAL_Driver/Src/stm32f7xx_ll_usb.o
 .debug_frame   0x00003704       0x20 C:/ST/STM32CubeIDE_1.16.0/STM32CubeIDE/plugins/com.st.stm32cube.ide.mcu.externaltools.gnu-tools-for-stm32.12.3.rel1.win32_1.0.200.202406191623/tools/bin/../lib/gcc/arm-none-eabi/12.3.1/../../../../arm-none-eabi/lib/thumb/v7e-m+dp/hard\libc_nano.a(libc_a-memset.o)
 .debug_frame   0x00003724       0x2c C:/ST/STM32CubeIDE_1.16.0/STM32CubeIDE/plugins/com.st.stm32cube.ide.mcu.externaltools.gnu-tools-for-stm32.12.3.rel1.win32_1.0.200.202406191623/tools/bin/../lib/gcc/arm-none-eabi/12.3.1/../../../../arm-none-eabi/lib/thumb/v7e-m+dp/hard\libc_nano.a(libc_a-init.o)
 .debug_frame   0x00003750       0x2c C:/ST/STM32CubeIDE_1.16.0/STM32CubeIDE/plugins/com.st.stm32cube.ide.mcu.externaltools.gnu-tools-for-stm32.12.3.rel1.win32_1.0.200.202406191623/tools/bin/../lib/gcc/arm-none-eabi/12.3.1/thumb/v7e-m+dp/hard\libgcc.a(_aeabi_uldivmod.o)
 .debug_frame   0x0000377c       0x34 C:/ST/STM32CubeIDE_1.16.0/STM32CubeIDE/plugins/com.st.stm32cube.ide.mcu.externaltools.gnu-tools-for-stm32.12.3.rel1.win32_1.0.200.202406191623/tools/bin/../lib/gcc/arm-none-eabi/12.3.1/thumb/v7e-m+dp/hard\libgcc.a(_udivmoddi4.o)

.debug_line_str
                0x00000000       0x5f
 .debug_line_str
                0x00000000       0x5f ./Core/Startup/startup_stm32f767zitx.o
