../Drivers/CMSIS/Include/core_cm7.h:1896:22:__NVIC_EnableIRQ	16	static
../Drivers/CMSIS/Include/core_cm7.h:1985:22:__NVIC_ClearPendingIRQ	16	static
../Drivers/CMSIS/Include/core_cm7.h:2024:22:__NVIC_SetPriority	16	static
../Core/Src/main.c:105:5:main	16	static,ignoring_inline_asm
../Core/Src/main.c:178:6:SystemClock_Config	88	static
../Core/Src/main.c:236:13:MX_ETH_Init	8	static
../Core/Src/main.c:285:13:MX_USART3_UART_Init	8	static
../Core/Src/main.c:320:13:MX_USB_OTG_FS_PCD_Init	8	static
../Core/Src/main.c:355:13:MX_GPIO_Init	56	static
../Core/Src/main.c:407:6:ClockInit	24	static
../Core/Src/main.c:416:6:GPIO_Init	4	static
../Core/Src/main.c:471:6:EXTI_Init	8	static
../Core/Src/main.c:491:6:ADC_Init	4	static
../Core/Src/main.c:501:6:TIM3_Init	16	static
../Core/Src/main.c:530:6:TIM1_Init	16	static
../Core/Src/main.c:576:5:determineBufferAdresses	48	static
../Core/Src/main.c:596:6:DMA_Init	24	static
../Core/Src/main.c:691:6:Error_Handler	4	static,ignoring_inline_asm
