../Drivers/CMSIS/Include/core_cm7.h:1896:22:__NVIC_EnableIRQ	16	static
../Drivers/CMSIS/Include/core_cm7.h:1985:22:__NVIC_ClearPendingIRQ	16	static
../Drivers/CMSIS/Include/core_cm7.h:2024:22:__NVIC_SetPriority	16	static
../Core/Src/app.c:47:6:app_Init	8	static,ignoring_inline_asm
../Core/Src/app.c:67:6:setOnboardStatusLEDs	24	static
../Core/Src/app.c:109:6:usbRxCallback	16	static
../Core/Src/app.c:123:6:sendCommand	24	static
../Core/Src/app.c:134:6:collectData	16	static
../Core/Src/app.c:142:6:sendData	16	static
../Core/Src/app.c:155:13:CDC_Send	16	static
../Core/Src/app.c:163:13:receiveCommand	16	static
../Core/Src/app.c:207:13:processCommand	24	static
../Core/Src/app.c:242:13:GPIO_Init	4	static
../Core/Src/app.c:269:13:EXTI_Init	8	static
../Core/Src/app.c:292:13:TIM3_Init	16	static
